============================================================
 Running benchmark ...
============================================================
2026-07-02 19:08:21.000 unified_bench [7469.7469] main.cpp:28 @main  Unified Benchmark Tool v2.0 (C++)  Arch: android_aarch64
2026-07-02 19:08:21.000 unified_bench [7469.7469] main.cpp:31 @main  Model: tfc_tdf_epoch_127_val_loss_0_05071_causal_8frame_state.onnx  Repeat: 100  Warmup: 1  Threads: 4
2026-07-02 19:08:21.000 unified_bench [7469.7469] benchmark_runner.cpp:221 @Run  ========================================
2026-07-02 19:08:21.000 unified_bench [7469.7469] benchmark_runner.cpp:222 @Run  Unified Benchmark v2.0 (C++)
2026-07-02 19:08:21.000 unified_bench [7469.7469] benchmark_runner.cpp:223 @Run  ========================================
2026-07-02 19:08:21.000 unified_bench [7469.7469] model_loader.cpp:211 @search_model_variants  Model discovery: base='tfc_tdf_epoch_127_val_loss_0_05071_causal_8frame_state', found 3 variant(s)
2026-07-02 19:08:21.000 unified_bench [7469.7469] model_loader.cpp:213 @search_model_variants    ONNX:   ./tfc_tdf_epoch_127_val_loss_0_05071_causal_8frame_state.onnx
2026-07-02 19:08:21.000 unified_bench [7469.7469] model_loader.cpp:226 @search_model_variants    QNN[0]: ./libtfc_tdf_epoch_127_val_loss_0_05071_causal_8frame_state.so (QNN model.so)
2026-07-02 19:08:21.000 unified_bench [7469.7469] model_loader.cpp:226 @search_model_variants    QNN[1]: ./tfc_tdf_epoch_127_val_loss_0_05071_causal_8frame_state.serialized.bin (QNN context binary)
2026-07-02 19:08:21.000 unified_bench [7469.7469] benchmark_runner.cpp:235 @Run  Reference: ONNX (./tfc_tdf_epoch_127_val_loss_0_05071_causal_8frame_state.onnx)
2026-07-02 19:08:21.000 unified_bench [7469.7469] benchmark_runner.cpp:342 @TestVariant  === ./tfc_tdf_epoch_127_val_loss_0_05071_causal_8frame_state.onnx: 2 backend(s) ===
2026-07-02 19:08:21.000 unified_bench [7469.7469] benchmark_runner.cpp:434 @TestVariant  Creating temp backend (id=0) to query shapes...
2026-07-02 19:08:21.000 unified_bench [7469.7469] onnx_backend.cpp:542 @Initialize  ONNX Runtime version: 1.22.0
2026-07-02 19:08:21.000 unified_bench [7469.7469] onnx_backend.cpp:557 @Initialize  get ONNX Runtime API version: 1.22.0
2026-07-02 19:08:21.000 unified_bench [7469.7469] onnx_backend.cpp:118 @ConfigureEP  ONNX: using default CPU EP
2026-07-02 19:08:22.000 unified_bench [7469.7469] onnx_backend.cpp:737 @Initialize  ONNX: init complete (56.1 ms), 22 in, 22 out
2026-07-02 19:08:22.000 unified_bench [7469.7469] input_provider.cpp:26 @GenerateFromSizes  Generated 22 shared input(s), total 2424832 elements (seed=42)
2026-07-02 19:08:22.000 unified_bench [7469.7469] benchmark_runner.cpp:523 @TestBackend  --- ONNX_CPU ---
2026-07-02 19:08:22.000 unified_bench [7469.7469] onnx_backend.cpp:542 @Initialize  ONNX Runtime version: 1.22.0
2026-07-02 19:08:22.000 unified_bench [7469.7469] onnx_backend.cpp:557 @Initialize  get ONNX Runtime API version: 1.22.0
2026-07-02 19:08:22.000 unified_bench [7469.7469] onnx_backend.cpp:118 @ConfigureEP  ONNX: using default CPU EP
2026-07-02 19:08:22.000 unified_bench [7469.7469] onnx_backend.cpp:737 @Initialize  ONNX: init complete (23.4 ms), 22 in, 22 out
2026-07-02 19:08:22.000 unified_bench [7469.7469] onnx_backend.cpp:1018 @RunBenchmark  ONNX: run 0 took 48.554 ms
2026-07-02 19:08:22.000 unified_bench [7469.7469] onnx_backend.cpp:1018 @RunBenchmark  ONNX: run 1 took 44.040 ms
2026-07-02 19:08:22.000 unified_bench [7469.7469] onnx_backend.cpp:1018 @RunBenchmark  ONNX: run 2 took 43.942 ms
2026-07-02 19:08:22.000 unified_bench [7469.7469] onnx_backend.cpp:1018 @RunBenchmark  ONNX: run 3 took 44.083 ms
2026-07-02 19:08:22.000 unified_bench [7469.7469] onnx_backend.cpp:1018 @RunBenchmark  ONNX: run 4 took 44.132 ms
2026-07-02 19:08:22.000 unified_bench [7469.7469] onnx_backend.cpp:1018 @RunBenchmark  ONNX: run 5 took 44.211 ms
2026-07-02 19:08:22.000 unified_bench [7469.7469] onnx_backend.cpp:1018 @RunBenchmark  ONNX: run 6 took 44.114 ms
2026-07-02 19:08:22.000 unified_bench [7469.7469] onnx_backend.cpp:1018 @RunBenchmark  ONNX: run 7 took 44.077 ms
2026-07-02 19:08:22.000 unified_bench [7469.7469] onnx_backend.cpp:1018 @RunBenchmark  ONNX: run 8 took 44.024 ms
2026-07-02 19:08:22.000 unified_bench [7469.7469] onnx_backend.cpp:1018 @RunBenchmark  ONNX: run 9 took 44.178 ms
2026-07-02 19:08:22.000 unified_bench [7469.7469] onnx_backend.cpp:1018 @RunBenchmark  ONNX: run 10 took 44.069 ms
2026-07-02 19:08:22.000 unified_bench [7469.7469] onnx_backend.cpp:1018 @RunBenchmark  ONNX: run 11 took 44.476 ms
2026-07-02 19:08:22.000 unified_bench [7469.7469] onnx_backend.cpp:1018 @RunBenchmark  ONNX: run 12 took 44.923 ms
2026-07-02 19:08:22.000 unified_bench [7469.7469] onnx_backend.cpp:1018 @RunBenchmark  ONNX: run 13 took 44.382 ms
2026-07-02 19:08:22.000 unified_bench [7469.7469] onnx_backend.cpp:1018 @RunBenchmark  ONNX: run 14 took 44.462 ms
2026-07-02 19:08:22.000 unified_bench [7469.7469] onnx_backend.cpp:1018 @RunBenchmark  ONNX: run 15 took 44.352 ms
2026-07-02 19:08:22.000 unified_bench [7469.7469] onnx_backend.cpp:1018 @RunBenchmark  ONNX: run 16 took 44.623 ms
2026-07-02 19:08:22.000 unified_bench [7469.7469] onnx_backend.cpp:1018 @RunBenchmark  ONNX: run 17 took 44.343 ms
2026-07-02 19:08:22.000 unified_bench [7469.7469] onnx_backend.cpp:1018 @RunBenchmark  ONNX: run 18 took 44.202 ms
2026-07-02 19:08:23.000 unified_bench [7469.7469] onnx_backend.cpp:1018 @RunBenchmark  ONNX: run 19 took 44.188 ms
2026-07-02 19:08:23.000 unified_bench [7469.7469] onnx_backend.cpp:1018 @RunBenchmark  ONNX: run 20 took 44.405 ms
2026-07-02 19:08:23.000 unified_bench [7469.7469] onnx_backend.cpp:1018 @RunBenchmark  ONNX: run 21 took 44.716 ms
2026-07-02 19:08:23.000 unified_bench [7469.7469] onnx_backend.cpp:1018 @RunBenchmark  ONNX: run 22 took 44.369 ms
2026-07-02 19:08:23.000 unified_bench [7469.7469] onnx_backend.cpp:1018 @RunBenchmark  ONNX: run 23 took 44.489 ms
2026-07-02 19:08:23.000 unified_bench [7469.7469] onnx_backend.cpp:1018 @RunBenchmark  ONNX: run 24 took 44.526 ms
2026-07-02 19:08:23.000 unified_bench [7469.7469] onnx_backend.cpp:1018 @RunBenchmark  ONNX: run 25 took 45.002 ms
2026-07-02 19:08:23.000 unified_bench [7469.7469] onnx_backend.cpp:1018 @RunBenchmark  ONNX: run 26 took 44.485 ms
2026-07-02 19:08:23.000 unified_bench [7469.7469] onnx_backend.cpp:1018 @RunBenchmark  ONNX: run 27 took 44.875 ms
2026-07-02 19:08:23.000 unified_bench [7469.7469] onnx_backend.cpp:1018 @RunBenchmark  ONNX: run 28 took 44.414 ms
2026-07-02 19:08:23.000 unified_bench [7469.7469] onnx_backend.cpp:1018 @RunBenchmark  ONNX: run 29 took 45.145 ms
2026-07-02 19:08:23.000 unified_bench [7469.7469] onnx_backend.cpp:1018 @RunBenchmark  ONNX: run 30 took 44.743 ms
2026-07-02 19:08:23.000 unified_bench [7469.7469] onnx_backend.cpp:1018 @RunBenchmark  ONNX: run 31 took 44.342 ms
2026-07-02 19:08:23.000 unified_bench [7469.7469] onnx_backend.cpp:1018 @RunBenchmark  ONNX: run 32 took 44.676 ms
2026-07-02 19:08:23.000 unified_bench [7469.7469] onnx_backend.cpp:1018 @RunBenchmark  ONNX: run 33 took 44.624 ms
2026-07-02 19:08:23.000 unified_bench [7469.7469] onnx_backend.cpp:1018 @RunBenchmark  ONNX: run 34 took 45.021 ms
2026-07-02 19:08:23.000 unified_bench [7469.7469] onnx_backend.cpp:1018 @RunBenchmark  ONNX: run 35 took 44.668 ms
2026-07-02 19:08:23.000 unified_bench [7469.7469] onnx_backend.cpp:1018 @RunBenchmark  ONNX: run 36 took 44.821 ms
2026-07-02 19:08:23.000 unified_bench [7469.7469] onnx_backend.cpp:1018 @RunBenchmark  ONNX: run 37 took 56.297 ms
2026-07-02 19:08:23.000 unified_bench [7469.7469] onnx_backend.cpp:1018 @RunBenchmark  ONNX: run 38 took 55.333 ms
2026-07-02 19:08:23.000 unified_bench [7469.7469] onnx_backend.cpp:1018 @RunBenchmark  ONNX: run 39 took 55.485 ms
2026-07-02 19:08:24.000 unified_bench [7469.7469] onnx_backend.cpp:1018 @RunBenchmark  ONNX: run 40 took 58.842 ms
2026-07-02 19:08:24.000 unified_bench [7469.7469] onnx_backend.cpp:1018 @RunBenchmark  ONNX: run 41 took 45.624 ms
2026-07-02 19:08:24.000 unified_bench [7469.7469] onnx_backend.cpp:1018 @RunBenchmark  ONNX: run 42 took 45.072 ms
2026-07-02 19:08:24.000 unified_bench [7469.7469] onnx_backend.cpp:1018 @RunBenchmark  ONNX: run 43 took 44.908 ms
2026-07-02 19:08:24.000 unified_bench [7469.7469] onnx_backend.cpp:1018 @RunBenchmark  ONNX: run 44 took 45.078 ms
2026-07-02 19:08:24.000 unified_bench [7469.7469] onnx_backend.cpp:1018 @RunBenchmark  ONNX: run 45 took 45.265 ms
2026-07-02 19:08:24.000 unified_bench [7469.7469] onnx_backend.cpp:1018 @RunBenchmark  ONNX: run 46 took 44.682 ms
2026-07-02 19:08:24.000 unified_bench [7469.7469] onnx_backend.cpp:1018 @RunBenchmark  ONNX: run 47 took 45.047 ms
2026-07-02 19:08:24.000 unified_bench [7469.7469] onnx_backend.cpp:1018 @RunBenchmark  ONNX: run 48 took 45.383 ms
2026-07-02 19:08:24.000 unified_bench [7469.7469] onnx_backend.cpp:1018 @RunBenchmark  ONNX: run 49 took 45.316 ms
2026-07-02 19:08:24.000 unified_bench [7469.7469] onnx_backend.cpp:1018 @RunBenchmark  ONNX: run 50 took 45.437 ms
2026-07-02 19:08:24.000 unified_bench [7469.7469] onnx_backend.cpp:1018 @RunBenchmark  ONNX: run 51 took 44.630 ms
2026-07-02 19:08:24.000 unified_bench [7469.7469] onnx_backend.cpp:1018 @RunBenchmark  ONNX: run 52 took 45.451 ms
2026-07-02 19:08:24.000 unified_bench [7469.7469] onnx_backend.cpp:1018 @RunBenchmark  ONNX: run 53 took 45.533 ms
2026-07-02 19:08:24.000 unified_bench [7469.7469] onnx_backend.cpp:1018 @RunBenchmark  ONNX: run 54 took 45.311 ms
2026-07-02 19:08:24.000 unified_bench [7469.7469] onnx_backend.cpp:1018 @RunBenchmark  ONNX: run 55 took 45.039 ms
2026-07-02 19:08:24.000 unified_bench [7469.7469] onnx_backend.cpp:1018 @RunBenchmark  ONNX: run 56 took 45.438 ms
2026-07-02 19:08:24.000 unified_bench [7469.7469] onnx_backend.cpp:1018 @RunBenchmark  ONNX: run 57 took 45.177 ms
2026-07-02 19:08:24.000 unified_bench [7469.7469] onnx_backend.cpp:1018 @RunBenchmark  ONNX: run 58 took 45.593 ms
2026-07-02 19:08:24.000 unified_bench [7469.7469] onnx_backend.cpp:1018 @RunBenchmark  ONNX: run 59 took 45.424 ms
2026-07-02 19:08:24.000 unified_bench [7469.7469] onnx_backend.cpp:1018 @RunBenchmark  ONNX: run 60 took 45.412 ms
2026-07-02 19:08:24.000 unified_bench [7469.7469] onnx_backend.cpp:1018 @RunBenchmark  ONNX: run 61 took 45.371 ms
2026-07-02 19:08:25.000 unified_bench [7469.7469] onnx_backend.cpp:1018 @RunBenchmark  ONNX: run 62 took 45.479 ms
2026-07-02 19:08:25.000 unified_bench [7469.7469] onnx_backend.cpp:1018 @RunBenchmark  ONNX: run 63 took 44.940 ms
2026-07-02 19:08:25.000 unified_bench [7469.7469] onnx_backend.cpp:1018 @RunBenchmark  ONNX: run 64 took 45.228 ms
2026-07-02 19:08:25.000 unified_bench [7469.7469] onnx_backend.cpp:1018 @RunBenchmark  ONNX: run 65 took 45.414 ms
2026-07-02 19:08:25.000 unified_bench [7469.7469] onnx_backend.cpp:1018 @RunBenchmark  ONNX: run 66 took 45.382 ms
2026-07-02 19:08:25.000 unified_bench [7469.7469] onnx_backend.cpp:1018 @RunBenchmark  ONNX: run 67 took 45.678 ms
2026-07-02 19:08:25.000 unified_bench [7469.7469] onnx_backend.cpp:1018 @RunBenchmark  ONNX: run 68 took 45.113 ms
2026-07-02 19:08:25.000 unified_bench [7469.7469] onnx_backend.cpp:1018 @RunBenchmark  ONNX: run 69 took 45.659 ms
2026-07-02 19:08:25.000 unified_bench [7469.7469] onnx_backend.cpp:1018 @RunBenchmark  ONNX: run 70 took 45.237 ms
2026-07-02 19:08:25.000 unified_bench [7469.7469] onnx_backend.cpp:1018 @RunBenchmark  ONNX: run 71 took 45.562 ms
2026-07-02 19:08:25.000 unified_bench [7469.7469] onnx_backend.cpp:1018 @RunBenchmark  ONNX: run 72 took 45.483 ms
2026-07-02 19:08:25.000 unified_bench [7469.7469] onnx_backend.cpp:1018 @RunBenchmark  ONNX: run 73 took 45.549 ms
2026-07-02 19:08:25.000 unified_bench [7469.7469] onnx_backend.cpp:1018 @RunBenchmark  ONNX: run 74 took 45.726 ms
2026-07-02 19:08:25.000 unified_bench [7469.7469] onnx_backend.cpp:1018 @RunBenchmark  ONNX: run 75 took 46.002 ms
2026-07-02 19:08:25.000 unified_bench [7469.7469] onnx_backend.cpp:1018 @RunBenchmark  ONNX: run 76 took 45.893 ms
2026-07-02 19:08:25.000 unified_bench [7469.7469] onnx_backend.cpp:1018 @RunBenchmark  ONNX: run 77 took 45.102 ms
2026-07-02 19:08:25.000 unified_bench [7469.7469] onnx_backend.cpp:1018 @RunBenchmark  ONNX: run 78 took 45.471 ms
2026-07-02 19:08:25.000 unified_bench [7469.7469] onnx_backend.cpp:1018 @RunBenchmark  ONNX: run 79 took 45.707 ms
2026-07-02 19:08:25.000 unified_bench [7469.7469] onnx_backend.cpp:1018 @RunBenchmark  ONNX: run 80 took 45.930 ms
2026-07-02 19:08:25.000 unified_bench [7469.7469] onnx_backend.cpp:1018 @RunBenchmark  ONNX: run 81 took 45.532 ms
2026-07-02 19:08:25.000 unified_bench [7469.7469] onnx_backend.cpp:1018 @RunBenchmark  ONNX: run 82 took 45.749 ms
2026-07-02 19:08:25.000 unified_bench [7469.7469] onnx_backend.cpp:1018 @RunBenchmark  ONNX: run 83 took 45.998 ms
2026-07-02 19:08:26.000 unified_bench [7469.7469] onnx_backend.cpp:1018 @RunBenchmark  ONNX: run 84 took 45.332 ms
2026-07-02 19:08:26.000 unified_bench [7469.7469] onnx_backend.cpp:1018 @RunBenchmark  ONNX: run 85 took 46.024 ms
2026-07-02 19:08:26.000 unified_bench [7469.7469] onnx_backend.cpp:1018 @RunBenchmark  ONNX: run 86 took 45.449 ms
2026-07-02 19:08:26.000 unified_bench [7469.7469] onnx_backend.cpp:1018 @RunBenchmark  ONNX: run 87 took 45.647 ms
2026-07-02 19:08:26.000 unified_bench [7469.7469] onnx_backend.cpp:1018 @RunBenchmark  ONNX: run 88 took 50.458 ms
2026-07-02 19:08:26.000 unified_bench [7469.7469] onnx_backend.cpp:1018 @RunBenchmark  ONNX: run 89 took 45.831 ms
2026-07-02 19:08:26.000 unified_bench [7469.7469] onnx_backend.cpp:1018 @RunBenchmark  ONNX: run 90 took 45.792 ms
2026-07-02 19:08:26.000 unified_bench [7469.7469] onnx_backend.cpp:1018 @RunBenchmark  ONNX: run 91 took 45.425 ms
2026-07-02 19:08:26.000 unified_bench [7469.7469] onnx_backend.cpp:1018 @RunBenchmark  ONNX: run 92 took 45.985 ms
2026-07-02 19:08:26.000 unified_bench [7469.7469] onnx_backend.cpp:1018 @RunBenchmark  ONNX: run 93 took 45.604 ms
2026-07-02 19:08:26.000 unified_bench [7469.7469] onnx_backend.cpp:1018 @RunBenchmark  ONNX: run 94 took 45.997 ms
2026-07-02 19:08:26.000 unified_bench [7469.7469] onnx_backend.cpp:1018 @RunBenchmark  ONNX: run 95 took 46.008 ms
2026-07-02 19:08:26.000 unified_bench [7469.7469] onnx_backend.cpp:1018 @RunBenchmark  ONNX: run 96 took 45.900 ms
2026-07-02 19:08:26.000 unified_bench [7469.7469] onnx_backend.cpp:1018 @RunBenchmark  ONNX: run 97 took 45.463 ms
2026-07-02 19:08:26.000 unified_bench [7469.7469] onnx_backend.cpp:1018 @RunBenchmark  ONNX: run 98 took 45.701 ms
2026-07-02 19:08:26.000 unified_bench [7469.7469] onnx_backend.cpp:1018 @RunBenchmark  ONNX: run 99 took 46.217 ms
2026-07-02 19:08:26.000 unified_bench [7469.7469] result_collector.cpp:70 @SetBaseline  [ONNX] Baseline stored: 262144 elements, first_output='output', cpu_avg=45.635 ms
2026-07-02 19:08:26.000 unified_bench [7469.7469] benchmark_runner.cpp:588 @TestBackend  Baseline set: ONNX_CPU avg=45.635 ms
2026-07-02 19:08:26.000 unified_bench [7469.7469] result_collector.cpp:41 @Add  Record added: ONNX_CPU [tfc_tdf_epoch_127_val_loss_0_05071_causal_8frame_state.onnx] avg=45.635 ms, max_diff=0.00000000
2026-07-02 19:08:26.000 unified_bench [7469.7469] benchmark_runner.cpp:523 @TestBackend  --- ONNX_QNN_HTP ---
2026-07-02 19:08:26.000 unified_bench [7469.7469] onnx_backend.cpp:542 @Initialize  ONNX Runtime version: 1.26.0
2026-07-02 19:08:26.000 unified_bench [7469.7469] onnx_backend.cpp:557 @Initialize  get ONNX Runtime API version: 1.26.0
2026-07-02 19:08:26.000 unified_bench [7469.7469] onnx_backend.cpp:649 @Initialize  ONNX: EP Context cache hit: ./tfc_tdf_epoch_127_val_loss_0_05071_causal_8frame_state-ONNX_QNN_HTP-epContext.onnx
2026-07-02 19:08:26.000 unified_bench [7469.7469] onnx_backend.cpp:418 @ConfigureEP  ONNX: QNN(htp) EP configured
2026-07-02 19:08:26.000 unified_bench [7469.7469] onnx_backend.cpp:737 @Initialize  ONNX: init complete (111.1 ms), 22 in, 22 out
2026-07-02 19:08:26.000 unified_bench [7469.7469] onnx_backend.cpp:1018 @RunBenchmark  ONNX: run 0 took 6.559 ms
2026-07-02 19:08:26.000 unified_bench [7469.7469] onnx_backend.cpp:1018 @RunBenchmark  ONNX: run 1 took 6.683 ms
2026-07-02 19:08:26.000 unified_bench [7469.7469] onnx_backend.cpp:1018 @RunBenchmark  ONNX: run 2 took 6.544 ms
2026-07-02 19:08:26.000 unified_bench [7469.7469] onnx_backend.cpp:1018 @RunBenchmark  ONNX: run 3 took 6.609 ms
2026-07-02 19:08:26.000 unified_bench [7469.7469] onnx_backend.cpp:1018 @RunBenchmark  ONNX: run 4 took 6.458 ms
2026-07-02 19:08:26.000 unified_bench [7469.7469] onnx_backend.cpp:1018 @RunBenchmark  ONNX: run 5 took 6.690 ms
2026-07-02 19:08:26.000 unified_bench [7469.7469] onnx_backend.cpp:1018 @RunBenchmark  ONNX: run 6 took 6.457 ms
2026-07-02 19:08:26.000 unified_bench [7469.7469] onnx_backend.cpp:1018 @RunBenchmark  ONNX: run 7 took 6.493 ms
2026-07-02 19:08:26.000 unified_bench [7469.7469] onnx_backend.cpp:1018 @RunBenchmark  ONNX: run 8 took 6.590 ms
2026-07-02 19:08:26.000 unified_bench [7469.7469] onnx_backend.cpp:1018 @RunBenchmark  ONNX: run 9 took 6.514 ms
2026-07-02 19:08:26.000 unified_bench [7469.7469] onnx_backend.cpp:1018 @RunBenchmark  ONNX: run 10 took 6.546 ms
2026-07-02 19:08:26.000 unified_bench [7469.7469] onnx_backend.cpp:1018 @RunBenchmark  ONNX: run 11 took 6.467 ms
2026-07-02 19:08:26.000 unified_bench [7469.7469] onnx_backend.cpp:1018 @RunBenchmark  ONNX: run 12 took 6.533 ms
2026-07-02 19:08:26.000 unified_bench [7469.7469] onnx_backend.cpp:1018 @RunBenchmark  ONNX: run 13 took 6.477 ms
2026-07-02 19:08:26.000 unified_bench [7469.7469] onnx_backend.cpp:1018 @RunBenchmark  ONNX: run 14 took 6.690 ms
2026-07-02 19:08:26.000 unified_bench [7469.7469] onnx_backend.cpp:1018 @RunBenchmark  ONNX: run 15 took 6.535 ms
2026-07-02 19:08:26.000 unified_bench [7469.7469] onnx_backend.cpp:1018 @RunBenchmark  ONNX: run 16 took 6.567 ms
2026-07-02 19:08:26.000 unified_bench [7469.7469] onnx_backend.cpp:1018 @RunBenchmark  ONNX: run 17 took 6.582 ms
2026-07-02 19:08:26.000 unified_bench [7469.7469] onnx_backend.cpp:1018 @RunBenchmark  ONNX: run 18 took 6.522 ms
2026-07-02 19:08:26.000 unified_bench [7469.7469] onnx_backend.cpp:1018 @RunBenchmark  ONNX: run 19 took 6.616 ms
2026-07-02 19:08:26.000 unified_bench [7469.7469] onnx_backend.cpp:1018 @RunBenchmark  ONNX: run 20 took 6.455 ms
2026-07-02 19:08:26.000 unified_bench [7469.7469] onnx_backend.cpp:1018 @RunBenchmark  ONNX: run 21 took 6.478 ms
2026-07-02 19:08:26.000 unified_bench [7469.7469] onnx_backend.cpp:1018 @RunBenchmark  ONNX: run 22 took 6.461 ms
2026-07-02 19:08:27.000 unified_bench [7469.7469] onnx_backend.cpp:1018 @RunBenchmark  ONNX: run 23 took 6.531 ms
2026-07-02 19:08:27.000 unified_bench [7469.7469] onnx_backend.cpp:1018 @RunBenchmark  ONNX: run 24 took 6.556 ms
2026-07-02 19:08:27.000 unified_bench [7469.7469] onnx_backend.cpp:1018 @RunBenchmark  ONNX: run 25 took 6.525 ms
2026-07-02 19:08:27.000 unified_bench [7469.7469] onnx_backend.cpp:1018 @RunBenchmark  ONNX: run 26 took 6.519 ms
2026-07-02 19:08:27.000 unified_bench [7469.7469] onnx_backend.cpp:1018 @RunBenchmark  ONNX: run 27 took 6.447 ms
2026-07-02 19:08:27.000 unified_bench [7469.7469] onnx_backend.cpp:1018 @RunBenchmark  ONNX: run 28 took 6.559 ms
2026-07-02 19:08:27.000 unified_bench [7469.7469] onnx_backend.cpp:1018 @RunBenchmark  ONNX: run 29 took 6.493 ms
2026-07-02 19:08:27.000 unified_bench [7469.7469] onnx_backend.cpp:1018 @RunBenchmark  ONNX: run 30 took 6.710 ms
2026-07-02 19:08:27.000 unified_bench [7469.7469] onnx_backend.cpp:1018 @RunBenchmark  ONNX: run 31 took 6.527 ms
2026-07-02 19:08:27.000 unified_bench [7469.7469] onnx_backend.cpp:1018 @RunBenchmark  ONNX: run 32 took 6.610 ms
2026-07-02 19:08:27.000 unified_bench [7469.7469] onnx_backend.cpp:1018 @RunBenchmark  ONNX: run 33 took 6.627 ms
2026-07-02 19:08:27.000 unified_bench [7469.7469] onnx_backend.cpp:1018 @RunBenchmark  ONNX: run 34 took 6.494 ms
2026-07-02 19:08:27.000 unified_bench [7469.7469] onnx_backend.cpp:1018 @RunBenchmark  ONNX: run 35 took 6.611 ms
2026-07-02 19:08:27.000 unified_bench [7469.7469] onnx_backend.cpp:1018 @RunBenchmark  ONNX: run 36 took 6.521 ms
2026-07-02 19:08:27.000 unified_bench [7469.7469] onnx_backend.cpp:1018 @RunBenchmark  ONNX: run 37 took 6.642 ms
2026-07-02 19:08:27.000 unified_bench [7469.7469] onnx_backend.cpp:1018 @RunBenchmark  ONNX: run 38 took 6.480 ms
2026-07-02 19:08:27.000 unified_bench [7469.7469] onnx_backend.cpp:1018 @RunBenchmark  ONNX: run 39 took 6.533 ms
2026-07-02 19:08:27.000 unified_bench [7469.7469] onnx_backend.cpp:1018 @RunBenchmark  ONNX: run 40 took 6.424 ms
2026-07-02 19:08:27.000 unified_bench [7469.7469] onnx_backend.cpp:1018 @RunBenchmark  ONNX: run 41 took 6.528 ms
2026-07-02 19:08:27.000 unified_bench [7469.7469] onnx_backend.cpp:1018 @RunBenchmark  ONNX: run 42 took 6.520 ms
2026-07-02 19:08:27.000 unified_bench [7469.7469] onnx_backend.cpp:1018 @RunBenchmark  ONNX: run 43 took 6.490 ms
2026-07-02 19:08:27.000 unified_bench [7469.7469] onnx_backend.cpp:1018 @RunBenchmark  ONNX: run 44 took 6.563 ms
2026-07-02 19:08:27.000 unified_bench [7469.7469] onnx_backend.cpp:1018 @RunBenchmark  ONNX: run 45 took 6.544 ms
2026-07-02 19:08:27.000 unified_bench [7469.7469] onnx_backend.cpp:1018 @RunBenchmark  ONNX: run 46 took 6.598 ms
2026-07-02 19:08:27.000 unified_bench [7469.7469] onnx_backend.cpp:1018 @RunBenchmark  ONNX: run 47 took 6.547 ms
2026-07-02 19:08:27.000 unified_bench [7469.7469] onnx_backend.cpp:1018 @RunBenchmark  ONNX: run 48 took 6.589 ms
2026-07-02 19:08:27.000 unified_bench [7469.7469] onnx_backend.cpp:1018 @RunBenchmark  ONNX: run 49 took 6.460 ms
2026-07-02 19:08:27.000 unified_bench [7469.7469] onnx_backend.cpp:1018 @RunBenchmark  ONNX: run 50 took 6.601 ms
2026-07-02 19:08:27.000 unified_bench [7469.7469] onnx_backend.cpp:1018 @RunBenchmark  ONNX: run 51 took 6.589 ms
2026-07-02 19:08:27.000 unified_bench [7469.7469] onnx_backend.cpp:1018 @RunBenchmark  ONNX: run 52 took 6.494 ms
2026-07-02 19:08:27.000 unified_bench [7469.7469] onnx_backend.cpp:1018 @RunBenchmark  ONNX: run 53 took 6.595 ms
2026-07-02 19:08:27.000 unified_bench [7469.7469] onnx_backend.cpp:1018 @RunBenchmark  ONNX: run 54 took 6.483 ms
2026-07-02 19:08:27.000 unified_bench [7469.7469] onnx_backend.cpp:1018 @RunBenchmark  ONNX: run 55 took 6.491 ms
2026-07-02 19:08:27.000 unified_bench [7469.7469] onnx_backend.cpp:1018 @RunBenchmark  ONNX: run 56 took 6.437 ms
2026-07-02 19:08:27.000 unified_bench [7469.7469] onnx_backend.cpp:1018 @RunBenchmark  ONNX: run 57 took 6.535 ms
2026-07-02 19:08:27.000 unified_bench [7469.7469] onnx_backend.cpp:1018 @RunBenchmark  ONNX: run 58 took 6.460 ms
2026-07-02 19:08:27.000 unified_bench [7469.7469] onnx_backend.cpp:1018 @RunBenchmark  ONNX: run 59 took 6.526 ms
2026-07-02 19:08:27.000 unified_bench [7469.7469] onnx_backend.cpp:1018 @RunBenchmark  ONNX: run 60 took 6.585 ms
2026-07-02 19:08:27.000 unified_bench [7469.7469] onnx_backend.cpp:1018 @RunBenchmark  ONNX: run 61 took 6.549 ms
2026-07-02 19:08:27.000 unified_bench [7469.7469] onnx_backend.cpp:1018 @RunBenchmark  ONNX: run 62 took 6.585 ms
2026-07-02 19:08:27.000 unified_bench [7469.7469] onnx_backend.cpp:1018 @RunBenchmark  ONNX: run 63 took 6.514 ms
2026-07-02 19:08:27.000 unified_bench [7469.7469] onnx_backend.cpp:1018 @RunBenchmark  ONNX: run 64 took 6.554 ms
2026-07-02 19:08:27.000 unified_bench [7469.7469] onnx_backend.cpp:1018 @RunBenchmark  ONNX: run 65 took 6.509 ms
2026-07-02 19:08:27.000 unified_bench [7469.7469] onnx_backend.cpp:1018 @RunBenchmark  ONNX: run 66 took 6.572 ms
2026-07-02 19:08:27.000 unified_bench [7469.7469] onnx_backend.cpp:1018 @RunBenchmark  ONNX: run 67 took 6.450 ms
2026-07-02 19:08:27.000 unified_bench [7469.7469] onnx_backend.cpp:1018 @RunBenchmark  ONNX: run 68 took 6.538 ms
2026-07-02 19:08:27.000 unified_bench [7469.7469] onnx_backend.cpp:1018 @RunBenchmark  ONNX: run 69 took 6.559 ms
2026-07-02 19:08:27.000 unified_bench [7469.7469] onnx_backend.cpp:1018 @RunBenchmark  ONNX: run 70 took 6.495 ms
2026-07-02 19:08:27.000 unified_bench [7469.7469] onnx_backend.cpp:1018 @RunBenchmark  ONNX: run 71 took 6.508 ms
2026-07-02 19:08:27.000 unified_bench [7469.7469] onnx_backend.cpp:1018 @RunBenchmark  ONNX: run 72 took 6.481 ms
2026-07-02 19:08:27.000 unified_bench [7469.7469] onnx_backend.cpp:1018 @RunBenchmark  ONNX: run 73 took 6.523 ms
2026-07-02 19:08:27.000 unified_bench [7469.7469] onnx_backend.cpp:1018 @RunBenchmark  ONNX: run 74 took 6.457 ms
2026-07-02 19:08:27.000 unified_bench [7469.7469] onnx_backend.cpp:1018 @RunBenchmark  ONNX: run 75 took 6.512 ms
2026-07-02 19:08:27.000 unified_bench [7469.7469] onnx_backend.cpp:1018 @RunBenchmark  ONNX: run 76 took 6.457 ms
2026-07-02 19:08:27.000 unified_bench [7469.7469] onnx_backend.cpp:1018 @RunBenchmark  ONNX: run 77 took 6.620 ms
2026-07-02 19:08:27.000 unified_bench [7469.7469] onnx_backend.cpp:1018 @RunBenchmark  ONNX: run 78 took 6.552 ms
2026-07-02 19:08:27.000 unified_bench [7469.7469] onnx_backend.cpp:1018 @RunBenchmark  ONNX: run 79 took 6.511 ms
2026-07-02 19:08:27.000 unified_bench [7469.7469] onnx_backend.cpp:1018 @RunBenchmark  ONNX: run 80 took 6.559 ms
2026-07-02 19:08:27.000 unified_bench [7469.7469] onnx_backend.cpp:1018 @RunBenchmark  ONNX: run 81 took 6.502 ms
2026-07-02 19:08:27.000 unified_bench [7469.7469] onnx_backend.cpp:1018 @RunBenchmark  ONNX: run 82 took 6.576 ms
2026-07-02 19:08:27.000 unified_bench [7469.7469] onnx_backend.cpp:1018 @RunBenchmark  ONNX: run 83 took 6.469 ms
2026-07-02 19:08:27.000 unified_bench [7469.7469] onnx_backend.cpp:1018 @RunBenchmark  ONNX: run 84 took 6.535 ms
2026-07-02 19:08:27.000 unified_bench [7469.7469] onnx_backend.cpp:1018 @RunBenchmark  ONNX: run 85 took 6.468 ms
2026-07-02 19:08:27.000 unified_bench [7469.7469] onnx_backend.cpp:1018 @RunBenchmark  ONNX: run 86 took 6.532 ms
2026-07-02 19:08:27.000 unified_bench [7469.7469] onnx_backend.cpp:1018 @RunBenchmark  ONNX: run 87 took 6.546 ms
2026-07-02 19:08:27.000 unified_bench [7469.7469] onnx_backend.cpp:1018 @RunBenchmark  ONNX: run 88 took 6.490 ms
2026-07-02 19:08:27.000 unified_bench [7469.7469] onnx_backend.cpp:1018 @RunBenchmark  ONNX: run 89 took 6.537 ms
2026-07-02 19:08:27.000 unified_bench [7469.7469] onnx_backend.cpp:1018 @RunBenchmark  ONNX: run 90 took 6.452 ms
2026-07-02 19:08:27.000 unified_bench [7469.7469] onnx_backend.cpp:1018 @RunBenchmark  ONNX: run 91 took 6.552 ms
2026-07-02 19:08:27.000 unified_bench [7469.7469] onnx_backend.cpp:1018 @RunBenchmark  ONNX: run 92 took 6.491 ms
2026-07-02 19:08:27.000 unified_bench [7469.7469] onnx_backend.cpp:1018 @RunBenchmark  ONNX: run 93 took 6.623 ms
2026-07-02 19:08:27.000 unified_bench [7469.7469] onnx_backend.cpp:1018 @RunBenchmark  ONNX: run 94 took 6.475 ms
2026-07-02 19:08:27.000 unified_bench [7469.7469] onnx_backend.cpp:1018 @RunBenchmark  ONNX: run 95 took 6.571 ms
2026-07-02 19:08:27.000 unified_bench [7469.7469] onnx_backend.cpp:1018 @RunBenchmark  ONNX: run 96 took 6.564 ms
2026-07-02 19:08:27.000 unified_bench [7469.7469] onnx_backend.cpp:1018 @RunBenchmark  ONNX: run 97 took 6.502 ms
2026-07-02 19:08:27.000 unified_bench [7469.7469] onnx_backend.cpp:1018 @RunBenchmark  ONNX: run 98 took 6.505 ms
2026-07-02 19:08:27.000 unified_bench [7469.7469] onnx_backend.cpp:1018 @RunBenchmark  ONNX: run 99 took 6.483 ms
2026-07-02 19:08:27.000 unified_bench [7469.7469] result_collector.cpp:41 @Add  Record added: ONNX_QNN_HTP [tfc_tdf_epoch_127_val_loss_0_05071_causal_8frame_state.onnx] avg=6.534 ms, max_diff=0.06518206
2026-07-02 19:08:27.000 unified_bench [7469.7469] benchmark_runner.cpp:342 @TestVariant  === ./libtfc_tdf_epoch_127_val_loss_0_05071_causal_8frame_state.so: 1 backend(s) ===
2026-07-02 19:08:27.000 unified_bench [7469.7469] benchmark_runner.cpp:434 @TestVariant  Creating temp backend (id=502) to query shapes...
2026-07-02 19:08:27.000 unified_bench [7469.7469] qnn_backend.cpp:565 @LoadModelLibrary  QNN: loaded model library ./libtfc_tdf_epoch_127_val_loss_0_05071_causal_8frame_state.so
2026-07-02 19:08:27.000 unified_bench [7469.7469] qnn_backend.cpp:607 @CreateBackendDeviceContext  QNN: loaded backend libQnnHtp.so
2026-07-02 19:08:27.000 unified_bench [7469.7469] qnn_backend.cpp:632 @CreateBackendDeviceContext  QNN: device created
2026-07-02 19:08:27.000 unified_bench [7469.7469] qnn_backend.cpp:644 @CreateBackendDeviceContext  QNN: context created (model.so)
2026-07-02 19:08:27.000 unified_bench [7469.7469] qnn_backend.cpp:651 @CreateBackendDeviceContext  QNN: composeGraphs rc=0 graphs=1
2026-07-02 19:08:27.000 unified_bench [7469.7469] qnn_backend.cpp:661 @CreateBackendDeviceContext  QNN: graph[0] name=tfc_tdf_epoch_127_val_loss_0_05071_causal_8frame_state
 # LIBNATIVE: No alternate configuration present in libnative_tls.conf or from LIBNATIVE_CONFIG environment variable - using default thread-local behavior.
2026-07-02 19:08:28.000 unified_bench [7469.7469] qnn_backend.cpp:670 @CreateBackendDeviceContext  QNN: graph finalized (model.so)
2026-07-02 19:08:28.000 unified_bench [7469.7469] qnn_backend.cpp:911 @SetupTensorsFromModelSo  QNN: model.so: 22 in, 22 out
2026-07-02 19:08:28.000 unified_bench [7469.7469] qnn_backend.cpp:922 @AllocateBuffers  QNN: AllocateBuffers: 22 in, 22 out
2026-07-02 19:08:28.000 unified_bench [7469.7469] qnn_backend.cpp:1135 @AllocateBuffers  QNN: buffers: 44/44 shared (dma-heap zero-copy), rest client buffer
2026-07-02 19:08:28.000 unified_bench [7469.7469] qnn_backend.cpp:827 @ConfigureHtpPerformance  QNN: HTP perf configured (DCVS_V3, TURBO, PERFORMANCE_MODE, sleep disabled)
2026-07-02 19:08:28.000 unified_bench [7469.7469] qnn_backend.cpp:1182 @Initialize  QNN: init complete (708.9 ms), 22 in, 22 out, backend=htp
2026-07-02 19:08:28.000 unified_bench [7469.7469] input_provider.cpp:26 @GenerateFromSizes  Generated 22 shared input(s), total 2424832 elements (seed=42)
2026-07-02 19:08:28.000 unified_bench [7469.7469] benchmark_runner.cpp:523 @TestBackend  --- QNN_SDK_HTP ---
2026-07-02 19:08:28.000 unified_bench [7469.7469] qnn_backend.cpp:565 @LoadModelLibrary  QNN: loaded model library ./libtfc_tdf_epoch_127_val_loss_0_05071_causal_8frame_state.so
2026-07-02 19:08:28.000 unified_bench [7469.7469] qnn_backend.cpp:607 @CreateBackendDeviceContext  QNN: loaded backend libQnnHtp.so
2026-07-02 19:08:28.000 unified_bench [7469.7469] qnn_backend.cpp:632 @CreateBackendDeviceContext  QNN: device created
2026-07-02 19:08:28.000 unified_bench [7469.7469] qnn_backend.cpp:644 @CreateBackendDeviceContext  QNN: context created (model.so)
2026-07-02 19:08:28.000 unified_bench [7469.7469] qnn_backend.cpp:651 @CreateBackendDeviceContext  QNN: composeGraphs rc=0 graphs=1
2026-07-02 19:08:28.000 unified_bench [7469.7469] qnn_backend.cpp:661 @CreateBackendDeviceContext  QNN: graph[0] name=tfc_tdf_epoch_127_val_loss_0_05071_causal_8frame_state
[ INFO ] Freeing graph in freeGraphInfo2026-07-02 19:08:29.000 unified_bench [7469.7469] qnn_backend.cpp:670 @CreateBackendDeviceContext  QNN: graph finalized (model.so)
2026-07-02 19:08:29.000 unified_bench [7469.7469] qnn_backend.cpp:911 @SetupTensorsFromModelSo  QNN: model.so: 22 in, 22 out
2026-07-02 19:08:29.000 unified_bench [7469.7469] qnn_backend.cpp:922 @AllocateBuffers  QNN: AllocateBuffers: 22 in, 22 out
2026-07-02 19:08:29.000 unified_bench [7469.7469] qnn_backend.cpp:1135 @AllocateBuffers  QNN: buffers: 44/44 shared (dma-heap zero-copy), rest client buffer
2026-07-02 19:08:29.000 unified_bench [7469.7469] qnn_backend.cpp:827 @ConfigureHtpPerformance  QNN: HTP perf configured (DCVS_V3, TURBO, PERFORMANCE_MODE, sleep disabled)
2026-07-02 19:08:29.000 unified_bench [7469.7469] qnn_backend.cpp:1182 @Initialize  QNN: init complete (691.8 ms), 22 in, 22 out, backend=htp
2026-07-02 19:08:29.000 unified_bench [7469.7469] qnn_backend.cpp:1403 @RunBenchmark  QNN: run 0 took 6.120 ms
2026-07-02 19:08:29.000 unified_bench [7469.7469] qnn_backend.cpp:1403 @RunBenchmark  QNN: run 1 took 6.046 ms
2026-07-02 19:08:29.000 unified_bench [7469.7469] qnn_backend.cpp:1403 @RunBenchmark  QNN: run 2 took 6.035 ms
2026-07-02 19:08:29.000 unified_bench [7469.7469] qnn_backend.cpp:1403 @RunBenchmark  QNN: run 3 took 6.005 ms
2026-07-02 19:08:29.000 unified_bench [7469.7469] qnn_backend.cpp:1403 @RunBenchmark  QNN: run 4 took 6.057 ms
2026-07-02 19:08:29.000 unified_bench [7469.7469] qnn_backend.cpp:1403 @RunBenchmark  QNN: run 5 took 6.019 ms
2026-07-02 19:08:29.000 unified_bench [7469.7469] qnn_backend.cpp:1403 @RunBenchmark  QNN: run 6 took 6.010 ms
2026-07-02 19:08:29.000 unified_bench [7469.7469] qnn_backend.cpp:1403 @RunBenchmark  QNN: run 7 took 6.016 ms
2026-07-02 19:08:29.000 unified_bench [7469.7469] qnn_backend.cpp:1403 @RunBenchmark  QNN: run 8 took 6.035 ms
2026-07-02 19:08:29.000 unified_bench [7469.7469] qnn_backend.cpp:1403 @RunBenchmark  QNN: run 9 took 6.010 ms
2026-07-02 19:08:29.000 unified_bench [7469.7469] qnn_backend.cpp:1403 @RunBenchmark  QNN: run 10 took 5.998 ms
2026-07-02 19:08:29.000 unified_bench [7469.7469] qnn_backend.cpp:1403 @RunBenchmark  QNN: run 11 took 5.982 ms
2026-07-02 19:08:29.000 unified_bench [7469.7469] qnn_backend.cpp:1403 @RunBenchmark  QNN: run 12 took 6.126 ms
2026-07-02 19:08:29.000 unified_bench [7469.7469] qnn_backend.cpp:1403 @RunBenchmark  QNN: run 13 took 6.071 ms
2026-07-02 19:08:29.000 unified_bench [7469.7469] qnn_backend.cpp:1403 @RunBenchmark  QNN: run 14 took 5.997 ms
2026-07-02 19:08:29.000 unified_bench [7469.7469] qnn_backend.cpp:1403 @RunBenchmark  QNN: run 15 took 6.019 ms
2026-07-02 19:08:29.000 unified_bench [7469.7469] qnn_backend.cpp:1403 @RunBenchmark  QNN: run 16 took 6.015 ms
2026-07-02 19:08:29.000 unified_bench [7469.7469] qnn_backend.cpp:1403 @RunBenchmark  QNN: run 17 took 5.999 ms
2026-07-02 19:08:29.000 unified_bench [7469.7469] qnn_backend.cpp:1403 @RunBenchmark  QNN: run 18 took 5.997 ms
2026-07-02 19:08:29.000 unified_bench [7469.7469] qnn_backend.cpp:1403 @RunBenchmark  QNN: run 19 took 5.969 ms
2026-07-02 19:08:29.000 unified_bench [7469.7469] qnn_backend.cpp:1403 @RunBenchmark  QNN: run 20 took 5.995 ms
2026-07-02 19:08:29.000 unified_bench [7469.7469] qnn_backend.cpp:1403 @RunBenchmark  QNN: run 21 took 5.983 ms
2026-07-02 19:08:29.000 unified_bench [7469.7469] qnn_backend.cpp:1403 @RunBenchmark  QNN: run 22 took 5.975 ms
2026-07-02 19:08:29.000 unified_bench [7469.7469] qnn_backend.cpp:1403 @RunBenchmark  QNN: run 23 took 6.027 ms
2026-07-02 19:08:29.000 unified_bench [7469.7469] qnn_backend.cpp:1403 @RunBenchmark  QNN: run 24 took 6.038 ms
2026-07-02 19:08:29.000 unified_bench [7469.7469] qnn_backend.cpp:1403 @RunBenchmark  QNN: run 25 took 6.069 ms
2026-07-02 19:08:29.000 unified_bench [7469.7469] qnn_backend.cpp:1403 @RunBenchmark  QNN: run 26 took 6.001 ms
2026-07-02 19:08:29.000 unified_bench [7469.7469] qnn_backend.cpp:1403 @RunBenchmark  QNN: run 27 took 6.006 ms
2026-07-02 19:08:29.000 unified_bench [7469.7469] qnn_backend.cpp:1403 @RunBenchmark  QNN: run 28 took 6.015 ms
2026-07-02 19:08:29.000 unified_bench [7469.7469] qnn_backend.cpp:1403 @RunBenchmark  QNN: run 29 took 5.995 ms
2026-07-02 19:08:29.000 unified_bench [7469.7469] qnn_backend.cpp:1403 @RunBenchmark  QNN: run 30 took 5.995 ms
2026-07-02 19:08:29.000 unified_bench [7469.7469] qnn_backend.cpp:1403 @RunBenchmark  QNN: run 31 took 6.033 ms
2026-07-02 19:08:29.000 unified_bench [7469.7469] qnn_backend.cpp:1403 @RunBenchmark  QNN: run 32 took 5.994 ms
2026-07-02 19:08:29.000 unified_bench [7469.7469] qnn_backend.cpp:1403 @RunBenchmark  QNN: run 33 took 6.093 ms
2026-07-02 19:08:29.000 unified_bench [7469.7469] qnn_backend.cpp:1403 @RunBenchmark  QNN: run 34 took 14.255 ms
2026-07-02 19:08:29.000 unified_bench [7469.7469] qnn_backend.cpp:1403 @RunBenchmark  QNN: run 35 took 14.703 ms
2026-07-02 19:08:29.000 unified_bench [7469.7469] qnn_backend.cpp:1403 @RunBenchmark  QNN: run 36 took 14.713 ms
2026-07-02 19:08:29.000 unified_bench [7469.7469] qnn_backend.cpp:1403 @RunBenchmark  QNN: run 37 took 15.752 ms
2026-07-02 19:08:29.000 unified_bench [7469.7469] qnn_backend.cpp:1403 @RunBenchmark  QNN: run 38 took 14.713 ms
2026-07-02 19:08:29.000 unified_bench [7469.7469] qnn_backend.cpp:1403 @RunBenchmark  QNN: run 39 took 14.657 ms
2026-07-02 19:08:29.000 unified_bench [7469.7469] qnn_backend.cpp:1403 @RunBenchmark  QNN: run 40 took 13.383 ms
2026-07-02 19:08:29.000 unified_bench [7469.7469] qnn_backend.cpp:1403 @RunBenchmark  QNN: run 41 took 6.109 ms
2026-07-02 19:08:29.000 unified_bench [7469.7469] qnn_backend.cpp:1403 @RunBenchmark  QNN: run 42 took 6.096 ms
2026-07-02 19:08:29.000 unified_bench [7469.7469] qnn_backend.cpp:1403 @RunBenchmark  QNN: run 43 took 6.123 ms
2026-07-02 19:08:29.000 unified_bench [7469.7469] qnn_backend.cpp:1403 @RunBenchmark  QNN: run 44 took 6.078 ms
2026-07-02 19:08:29.000 unified_bench [7469.7469] qnn_backend.cpp:1403 @RunBenchmark  QNN: run 45 took 6.055 ms
2026-07-02 19:08:29.000 unified_bench [7469.7469] qnn_backend.cpp:1403 @RunBenchmark  QNN: run 46 took 6.011 ms
2026-07-02 19:08:29.000 unified_bench [7469.7469] qnn_backend.cpp:1403 @RunBenchmark  QNN: run 47 took 6.037 ms
2026-07-02 19:08:29.000 unified_bench [7469.7469] qnn_backend.cpp:1403 @RunBenchmark  QNN: run 48 took 6.048 ms
2026-07-02 19:08:29.000 unified_bench [7469.7469] qnn_backend.cpp:1403 @RunBenchmark  QNN: run 49 took 6.053 ms
2026-07-02 19:08:29.000 unified_bench [7469.7469] qnn_backend.cpp:1403 @RunBenchmark  QNN: run 50 took 6.085 ms
2026-07-02 19:08:29.000 unified_bench [7469.7469] qnn_backend.cpp:1403 @RunBenchmark  QNN: run 51 took 6.086 ms
2026-07-02 19:08:29.000 unified_bench [7469.7469] qnn_backend.cpp:1403 @RunBenchmark  QNN: run 52 took 6.117 ms
2026-07-02 19:08:29.000 unified_bench [7469.7469] qnn_backend.cpp:1403 @RunBenchmark  QNN: run 53 took 14.818 ms
2026-07-02 19:08:29.000 unified_bench [7469.7469] qnn_backend.cpp:1403 @RunBenchmark  QNN: run 54 took 14.760 ms
2026-07-02 19:08:29.000 unified_bench [7469.7469] qnn_backend.cpp:1403 @RunBenchmark  QNN: run 55 took 14.694 ms
2026-07-02 19:08:29.000 unified_bench [7469.7469] qnn_backend.cpp:1403 @RunBenchmark  QNN: run 56 took 13.984 ms
2026-07-02 19:08:29.000 unified_bench [7469.7469] qnn_backend.cpp:1403 @RunBenchmark  QNN: run 57 took 12.745 ms
2026-07-02 19:08:29.000 unified_bench [7469.7469] qnn_backend.cpp:1403 @RunBenchmark  QNN: run 58 took 14.280 ms
2026-07-02 19:08:29.000 unified_bench [7469.7469] qnn_backend.cpp:1403 @RunBenchmark  QNN: run 59 took 13.357 ms
2026-07-02 19:08:29.000 unified_bench [7469.7469] qnn_backend.cpp:1403 @RunBenchmark  QNN: run 60 took 14.659 ms
2026-07-02 19:08:29.000 unified_bench [7469.7469] qnn_backend.cpp:1403 @RunBenchmark  QNN: run 61 took 16.345 ms
2026-07-02 19:08:29.000 unified_bench [7469.7469] qnn_backend.cpp:1403 @RunBenchmark  QNN: run 62 took 16.372 ms
2026-07-02 19:08:29.000 unified_bench [7469.7469] qnn_backend.cpp:1403 @RunBenchmark  QNN: run 63 took 16.378 ms
2026-07-02 19:08:29.000 unified_bench [7469.7469] qnn_backend.cpp:1403 @RunBenchmark  QNN: run 64 took 16.373 ms
2026-07-02 19:08:29.000 unified_bench [7469.7469] qnn_backend.cpp:1403 @RunBenchmark  QNN: run 65 took 16.347 ms
2026-07-02 19:08:29.000 unified_bench [7469.7469] qnn_backend.cpp:1403 @RunBenchmark  QNN: run 66 took 17.422 ms
2026-07-02 19:08:29.000 unified_bench [7469.7469] qnn_backend.cpp:1403 @RunBenchmark  QNN: run 67 took 16.650 ms
2026-07-02 19:08:29.000 unified_bench [7469.7469] qnn_backend.cpp:1403 @RunBenchmark  QNN: run 68 took 16.371 ms
2026-07-02 19:08:29.000 unified_bench [7469.7469] qnn_backend.cpp:1403 @RunBenchmark  QNN: run 69 took 16.344 ms
2026-07-02 19:08:29.000 unified_bench [7469.7469] qnn_backend.cpp:1403 @RunBenchmark  QNN: run 70 took 16.378 ms
2026-07-02 19:08:29.000 unified_bench [7469.7469] qnn_backend.cpp:1403 @RunBenchmark  QNN: run 71 took 16.361 ms
2026-07-02 19:08:29.000 unified_bench [7469.7469] qnn_backend.cpp:1403 @RunBenchmark  QNN: run 72 took 16.351 ms
2026-07-02 19:08:29.000 unified_bench [7469.7469] qnn_backend.cpp:1403 @RunBenchmark  QNN: run 73 took 16.331 ms
2026-07-02 19:08:29.000 unified_bench [7469.7469] qnn_backend.cpp:1403 @RunBenchmark  QNN: run 74 took 17.581 ms
2026-07-02 19:08:29.000 unified_bench [7469.7469] qnn_backend.cpp:1403 @RunBenchmark  QNN: run 75 took 16.390 ms
2026-07-02 19:08:29.000 unified_bench [7469.7469] qnn_backend.cpp:1403 @RunBenchmark  QNN: run 76 took 16.372 ms
2026-07-02 19:08:29.000 unified_bench [7469.7469] qnn_backend.cpp:1403 @RunBenchmark  QNN: run 77 took 16.399 ms
2026-07-02 19:08:29.000 unified_bench [7469.7469] qnn_backend.cpp:1403 @RunBenchmark  QNN: run 78 took 16.355 ms
2026-07-02 19:08:29.000 unified_bench [7469.7469] qnn_backend.cpp:1403 @RunBenchmark  QNN: run 79 took 16.348 ms
2026-07-02 19:08:29.000 unified_bench [7469.7469] qnn_backend.cpp:1403 @RunBenchmark  QNN: run 80 took 16.347 ms
2026-07-02 19:08:29.000 unified_bench [7469.7469] qnn_backend.cpp:1403 @RunBenchmark  QNN: run 81 took 16.342 ms
2026-07-02 19:08:29.000 unified_bench [7469.7469] qnn_backend.cpp:1403 @RunBenchmark  QNN: run 82 took 17.432 ms
2026-07-02 19:08:29.000 unified_bench [7469.7469] qnn_backend.cpp:1403 @RunBenchmark  QNN: run 83 took 16.382 ms
2026-07-02 19:08:29.000 unified_bench [7469.7469] qnn_backend.cpp:1403 @RunBenchmark  QNN: run 84 took 16.339 ms
2026-07-02 19:08:29.000 unified_bench [7469.7469] qnn_backend.cpp:1403 @RunBenchmark  QNN: run 85 took 16.399 ms
2026-07-02 19:08:29.000 unified_bench [7469.7469] qnn_backend.cpp:1403 @RunBenchmark  QNN: run 86 took 16.397 ms
2026-07-02 19:08:30.000 unified_bench [7469.7469] qnn_backend.cpp:1403 @RunBenchmark  QNN: run 87 took 16.338 ms
2026-07-02 19:08:30.000 unified_bench [7469.7469] qnn_backend.cpp:1403 @RunBenchmark  QNN: run 88 took 16.315 ms
2026-07-02 19:08:30.000 unified_bench [7469.7469] qnn_backend.cpp:1403 @RunBenchmark  QNN: run 89 took 16.365 ms
2026-07-02 19:08:30.000 unified_bench [7469.7469] qnn_backend.cpp:1403 @RunBenchmark  QNN: run 90 took 16.593 ms
2026-07-02 19:08:30.000 unified_bench [7469.7469] qnn_backend.cpp:1403 @RunBenchmark  QNN: run 91 took 16.381 ms
2026-07-02 19:08:30.000 unified_bench [7469.7469] qnn_backend.cpp:1403 @RunBenchmark  QNN: run 92 took 16.392 ms
2026-07-02 19:08:30.000 unified_bench [7469.7469] qnn_backend.cpp:1403 @RunBenchmark  QNN: run 93 took 16.456 ms
2026-07-02 19:08:30.000 unified_bench [7469.7469] qnn_backend.cpp:1403 @RunBenchmark  QNN: run 94 took 16.430 ms
2026-07-02 19:08:30.000 unified_bench [7469.7469] qnn_backend.cpp:1403 @RunBenchmark  QNN: run 95 took 16.468 ms
2026-07-02 19:08:30.000 unified_bench [7469.7469] qnn_backend.cpp:1403 @RunBenchmark  QNN: run 96 took 16.438 ms
2026-07-02 19:08:30.000 unified_bench [7469.7469] qnn_backend.cpp:1403 @RunBenchmark  QNN: run 97 took 16.477 ms
2026-07-02 19:08:30.000 unified_bench [7469.7469] qnn_backend.cpp:1403 @RunBenchmark  QNN: run 98 took 16.485 ms
2026-07-02 19:08:30.000 unified_bench [7469.7469] qnn_backend.cpp:1403 @RunBenchmark  QNN: run 99 took 16.429 ms
2026-07-02 19:08:30.000 unified_bench [7469.7469] result_collector.cpp:41 @Add  Record added: QNN_SDK_HTP [libtfc_tdf_epoch_127_val_loss_0_05071_causal_8frame_state.so] avg=11.358 ms, max_diff=0.06615862
2026-07-02 19:08:31.000 unified_bench [7469.7469] benchmark_runner.cpp:342 @TestVariant  === ./tfc_tdf_epoch_127_val_loss_0_05071_causal_8frame_state.serialized.bin: 1 backend(s) ===
2026-07-02 19:08:31.000 unified_bench [7469.7469] benchmark_runner.cpp:434 @TestVariant  Creating temp backend (id=502) to query shapes...
2026-07-02 19:08:31.000 unified_bench [7469.7469] qnn_backend.cpp:540 @LoadContextBinary  QNN: loaded context binary ./tfc_tdf_epoch_127_val_loss_0_05071_causal_8frame_state.serialized.bin (11085384 bytes)
2026-07-02 19:08:31.000 unified_bench [7469.7469] qnn_backend.cpp:607 @CreateBackendDeviceContext  QNN: loaded backend libQnnHtp.so
2026-07-02 19:08:31.000 unified_bench [7469.7469] qnn_backend.cpp:632 @CreateBackendDeviceContext  QNN: device created
2026-07-02 19:08:31.000 unified_bench [7469.7469] qnn_backend.cpp:716 @CreateBackendDeviceContext  QNN: context restored from binary
2026-07-02 19:08:31.000 unified_bench [7469.7469] qnn_backend.cpp:726 @CreateBackendDeviceContext  QNN: systemContextCreate rc=0
2026-07-02 19:08:31.000 unified_bench [7469.7469] qnn_backend.cpp:733 @CreateBackendDeviceContext  QNN: systemContextGetBinaryInfo rc=0 size=0
2026-07-02 19:08:31.000 unified_bench [7469.7469] qnn_backend.cpp:740 @CreateBackendDeviceContext  QNN: binary info version=3 num_graphs=1
2026-07-02 19:08:31.000 unified_bench [7469.7469] qnn_backend.cpp:743 @CreateBackendDeviceContext  QNN: binary graph[0] name: tfc_tdf_epoch_127_val_loss_0_05071_causal_8frame_state
2026-07-02 19:08:31.000 unified_bench [7469.7469] qnn_backend.cpp:755 @CreateBackendDeviceContext  QNN: graphRetrieve(name=tfc_tdf_epoch_127_val_loss_0_05071_causal_8frame_state) rc=0
2026-07-02 19:08:31.000 unified_bench [7469.7469] qnn_backend.cpp:760 @CreateBackendDeviceContext  QNN: graph retrieved
2026-07-02 19:08:31.000 unified_bench [7469.7469] qnn_backend.cpp:881 @SetupTensorsFromBinaryInfo  QNN: binary info: 22 in, 22 out
2026-07-02 19:08:31.000 unified_bench [7469.7469] qnn_backend.cpp:922 @AllocateBuffers  QNN: AllocateBuffers: 22 in, 22 out
2026-07-02 19:08:31.000 unified_bench [7469.7469] qnn_backend.cpp:1135 @AllocateBuffers  QNN: buffers: 44/44 shared (dma-heap zero-copy), rest client buffer
2026-07-02 19:08:31.000 unified_bench [7469.7469] qnn_backend.cpp:827 @ConfigureHtpPerformance  QNN: HTP perf configured (DCVS_V3, TURBO, PERFORMANCE_MODE, sleep disabled)
2026-07-02 19:08:31.000 unified_bench [7469.7469] qnn_backend.cpp:1182 @Initialize  QNN: init complete (131.6 ms), 22 in, 22 out, backend=htp
2026-07-02 19:08:31.000 unified_bench [7469.7469] input_provider.cpp:26 @GenerateFromSizes  Generated 22 shared input(s), total 2424832 elements (seed=42)
2026-07-02 19:08:31.000 unified_bench [7469.7469] benchmark_runner.cpp:523 @TestBackend  --- QNN_SDK_HTP ---
2026-07-02 19:08:31.000 unified_bench [7469.7469] qnn_backend.cpp:540 @LoadContextBinary  QNN: loaded context binary ./tfc_tdf_epoch_127_val_loss_0_05071_causal_8frame_state.serialized.bin (11085384 bytes)
2026-07-02 19:08:31.000 unified_bench [7469.7469] qnn_backend.cpp:607 @CreateBackendDeviceContext  QNN: loaded backend libQnnHtp.so
2026-07-02 19:08:31.000 unified_bench [7469.7469] qnn_backend.cpp:632 @CreateBackendDeviceContext  QNN: device created
2026-07-02 19:08:31.000 unified_bench [7469.7469] qnn_backend.cpp:716 @CreateBackendDeviceContext  QNN: context restored from binary
2026-07-02 19:08:31.000 unified_bench [7469.7469] qnn_backend.cpp:726 @CreateBackendDeviceContext  QNN: systemContextCreate rc=0
2026-07-02 19:08:31.000 unified_bench [7469.7469] qnn_backend.cpp:733 @CreateBackendDeviceContext  QNN: systemContextGetBinaryInfo rc=0 size=0
2026-07-02 19:08:31.000 unified_bench [7469.7469] qnn_backend.cpp:740 @CreateBackendDeviceContext  QNN: binary info version=3 num_graphs=1
2026-07-02 19:08:31.000 unified_bench [7469.7469] qnn_backend.cpp:743 @CreateBackendDeviceContext  QNN: binary graph[0] name: tfc_tdf_epoch_127_val_loss_0_05071_causal_8frame_state
2026-07-02 19:08:31.000 unified_bench [7469.7469] qnn_backend.cpp:755 @CreateBackendDeviceContext  QNN: graphRetrieve(name=tfc_tdf_epoch_127_val_loss_0_05071_causal_8frame_state) rc=0
2026-07-02 19:08:31.000 unified_bench [7469.7469] qnn_backend.cpp:760 @CreateBackendDeviceContext  QNN: graph retrieved
2026-07-02 19:08:31.000 unified_bench [7469.7469] qnn_backend.cpp:881 @SetupTensorsFromBinaryInfo  QNN: binary info: 22 in, 22 out
2026-07-02 19:08:31.000 unified_bench [7469.7469] qnn_backend.cpp:922 @AllocateBuffers  QNN: AllocateBuffers: 22 in, 22 out
2026-07-02 19:08:31.000 unified_bench [7469.7469] qnn_backend.cpp:1135 @AllocateBuffers  QNN: buffers: 44/44 shared (dma-heap zero-copy), rest client buffer
2026-07-02 19:08:31.000 unified_bench [7469.7469] qnn_backend.cpp:827 @ConfigureHtpPerformance  QNN: HTP perf configured (DCVS_V3, TURBO, PERFORMANCE_MODE, sleep disabled)
2026-07-02 19:08:31.000 unified_bench [7469.7469] qnn_backend.cpp:1182 @Initialize  QNN: init complete (133.3 ms), 22 in, 22 out, backend=htp
2026-07-02 19:08:31.000 unified_bench [7469.7469] qnn_backend.cpp:1403 @RunBenchmark  QNN: run 0 took 17.987 ms
2026-07-02 19:08:31.000 unified_bench [7469.7469] qnn_backend.cpp:1403 @RunBenchmark  QNN: run 1 took 18.584 ms
2026-07-02 19:08:31.000 unified_bench [7469.7469] qnn_backend.cpp:1403 @RunBenchmark  QNN: run 2 took 18.527 ms
2026-07-02 19:08:31.000 unified_bench [7469.7469] qnn_backend.cpp:1403 @RunBenchmark  QNN: run 3 took 12.427 ms
2026-07-02 19:08:31.000 unified_bench [7469.7469] qnn_backend.cpp:1403 @RunBenchmark  QNN: run 4 took 11.234 ms
2026-07-02 19:08:31.000 unified_bench [7469.7469] qnn_backend.cpp:1403 @RunBenchmark  QNN: run 5 took 10.370 ms
2026-07-02 19:08:31.000 unified_bench [7469.7469] qnn_backend.cpp:1403 @RunBenchmark  QNN: run 6 took 12.296 ms
2026-07-02 19:08:31.000 unified_bench [7469.7469] qnn_backend.cpp:1403 @RunBenchmark  QNN: run 7 took 13.040 ms
2026-07-02 19:08:31.000 unified_bench [7469.7469] qnn_backend.cpp:1403 @RunBenchmark  QNN: run 8 took 13.366 ms
2026-07-02 19:08:31.000 unified_bench [7469.7469] qnn_backend.cpp:1403 @RunBenchmark  QNN: run 9 took 13.366 ms
2026-07-02 19:08:31.000 unified_bench [7469.7469] qnn_backend.cpp:1403 @RunBenchmark  QNN: run 10 took 13.352 ms
2026-07-02 19:08:31.000 unified_bench [7469.7469] qnn_backend.cpp:1403 @RunBenchmark  QNN: run 11 took 14.674 ms
2026-07-02 19:08:31.000 unified_bench [7469.7469] qnn_backend.cpp:1403 @RunBenchmark  QNN: run 12 took 16.381 ms
2026-07-02 19:08:31.000 unified_bench [7469.7469] qnn_backend.cpp:1403 @RunBenchmark  QNN: run 13 took 16.493 ms
2026-07-02 19:08:31.000 unified_bench [7469.7469] qnn_backend.cpp:1403 @RunBenchmark  QNN: run 14 took 16.447 ms
2026-07-02 19:08:31.000 unified_bench [7469.7469] qnn_backend.cpp:1403 @RunBenchmark  QNN: run 15 took 16.462 ms
2026-07-02 19:08:31.000 unified_bench [7469.7469] qnn_backend.cpp:1403 @RunBenchmark  QNN: run 16 took 16.472 ms
2026-07-02 19:08:31.000 unified_bench [7469.7469] qnn_backend.cpp:1403 @RunBenchmark  QNN: run 17 took 16.481 ms
2026-07-02 19:08:31.000 unified_bench [7469.7469] qnn_backend.cpp:1403 @RunBenchmark  QNN: run 18 took 16.461 ms
2026-07-02 19:08:32.000 unified_bench [7469.7469] qnn_backend.cpp:1403 @RunBenchmark  QNN: run 19 took 16.490 ms
2026-07-02 19:08:32.000 unified_bench [7469.7469] qnn_backend.cpp:1403 @RunBenchmark  QNN: run 20 took 16.487 ms
2026-07-02 19:08:32.000 unified_bench [7469.7469] qnn_backend.cpp:1403 @RunBenchmark  QNN: run 21 took 16.473 ms
2026-07-02 19:08:32.000 unified_bench [7469.7469] qnn_backend.cpp:1403 @RunBenchmark  QNN: run 22 took 16.475 ms
2026-07-02 19:08:32.000 unified_bench [7469.7469] qnn_backend.cpp:1403 @RunBenchmark  QNN: run 23 took 16.503 ms
2026-07-02 19:08:32.000 unified_bench [7469.7469] qnn_backend.cpp:1403 @RunBenchmark  QNN: run 24 took 16.489 ms
2026-07-02 19:08:32.000 unified_bench [7469.7469] qnn_backend.cpp:1403 @RunBenchmark  QNN: run 25 took 16.409 ms
2026-07-02 19:08:32.000 unified_bench [7469.7469] qnn_backend.cpp:1403 @RunBenchmark  QNN: run 26 took 16.386 ms
2026-07-02 19:08:32.000 unified_bench [7469.7469] qnn_backend.cpp:1403 @RunBenchmark  QNN: run 27 took 16.404 ms
2026-07-02 19:08:32.000 unified_bench [7469.7469] qnn_backend.cpp:1403 @RunBenchmark  QNN: run 28 took 16.386 ms
2026-07-02 19:08:32.000 unified_bench [7469.7469] qnn_backend.cpp:1403 @RunBenchmark  QNN: run 29 took 16.340 ms
2026-07-02 19:08:32.000 unified_bench [7469.7469] qnn_backend.cpp:1403 @RunBenchmark  QNN: run 30 took 17.516 ms
2026-07-02 19:08:32.000 unified_bench [7469.7469] qnn_backend.cpp:1403 @RunBenchmark  QNN: run 31 took 16.387 ms
2026-07-02 19:08:32.000 unified_bench [7469.7469] qnn_backend.cpp:1403 @RunBenchmark  QNN: run 32 took 16.392 ms
2026-07-02 19:08:32.000 unified_bench [7469.7469] qnn_backend.cpp:1403 @RunBenchmark  QNN: run 33 took 16.410 ms
2026-07-02 19:08:32.000 unified_bench [7469.7469] qnn_backend.cpp:1403 @RunBenchmark  QNN: run 34 took 16.367 ms
2026-07-02 19:08:32.000 unified_bench [7469.7469] qnn_backend.cpp:1403 @RunBenchmark  QNN: run 35 took 16.393 ms
2026-07-02 19:08:32.000 unified_bench [7469.7469] qnn_backend.cpp:1403 @RunBenchmark  QNN: run 36 took 16.375 ms
2026-07-02 19:08:32.000 unified_bench [7469.7469] qnn_backend.cpp:1403 @RunBenchmark  QNN: run 37 took 16.375 ms
2026-07-02 19:08:32.000 unified_bench [7469.7469] qnn_backend.cpp:1403 @RunBenchmark  QNN: run 38 took 17.506 ms
2026-07-02 19:08:32.000 unified_bench [7469.7469] qnn_backend.cpp:1403 @RunBenchmark  QNN: run 39 took 16.378 ms
2026-07-02 19:08:32.000 unified_bench [7469.7469] qnn_backend.cpp:1403 @RunBenchmark  QNN: run 40 took 16.416 ms
2026-07-02 19:08:32.000 unified_bench [7469.7469] qnn_backend.cpp:1403 @RunBenchmark  QNN: run 41 took 16.422 ms
2026-07-02 19:08:32.000 unified_bench [7469.7469] qnn_backend.cpp:1403 @RunBenchmark  QNN: run 42 took 16.342 ms
2026-07-02 19:08:32.000 unified_bench [7469.7469] qnn_backend.cpp:1403 @RunBenchmark  QNN: run 43 took 16.390 ms
2026-07-02 19:08:32.000 unified_bench [7469.7469] qnn_backend.cpp:1403 @RunBenchmark  QNN: run 44 took 16.422 ms
2026-07-02 19:08:32.000 unified_bench [7469.7469] qnn_backend.cpp:1403 @RunBenchmark  QNN: run 45 took 16.364 ms
2026-07-02 19:08:32.000 unified_bench [7469.7469] qnn_backend.cpp:1403 @RunBenchmark  QNN: run 46 took 17.474 ms
2026-07-02 19:08:32.000 unified_bench [7469.7469] qnn_backend.cpp:1403 @RunBenchmark  QNN: run 47 took 15.431 ms
2026-07-02 19:08:32.000 unified_bench [7469.7469] qnn_backend.cpp:1403 @RunBenchmark  QNN: run 48 took 15.439 ms
2026-07-02 19:08:32.000 unified_bench [7469.7469] qnn_backend.cpp:1403 @RunBenchmark  QNN: run 49 took 16.359 ms
2026-07-02 19:08:32.000 unified_bench [7469.7469] qnn_backend.cpp:1403 @RunBenchmark  QNN: run 50 took 16.402 ms
2026-07-02 19:08:32.000 unified_bench [7469.7469] qnn_backend.cpp:1403 @RunBenchmark  QNN: run 51 took 16.388 ms
2026-07-02 19:08:32.000 unified_bench [7469.7469] qnn_backend.cpp:1403 @RunBenchmark  QNN: run 52 took 16.360 ms
2026-07-02 19:08:32.000 unified_bench [7469.7469] qnn_backend.cpp:1403 @RunBenchmark  QNN: run 53 took 16.386 ms
2026-07-02 19:08:32.000 unified_bench [7469.7469] qnn_backend.cpp:1403 @RunBenchmark  QNN: run 54 took 17.171 ms
2026-07-02 19:08:32.000 unified_bench [7469.7469] qnn_backend.cpp:1403 @RunBenchmark  QNN: run 55 took 16.460 ms
2026-07-02 19:08:32.000 unified_bench [7469.7469] qnn_backend.cpp:1403 @RunBenchmark  QNN: run 56 took 16.381 ms
2026-07-02 19:08:32.000 unified_bench [7469.7469] qnn_backend.cpp:1403 @RunBenchmark  QNN: run 57 took 16.365 ms
2026-07-02 19:08:32.000 unified_bench [7469.7469] qnn_backend.cpp:1403 @RunBenchmark  QNN: run 58 took 16.388 ms
2026-07-02 19:08:32.000 unified_bench [7469.7469] qnn_backend.cpp:1403 @RunBenchmark  QNN: run 59 took 16.406 ms
2026-07-02 19:08:32.000 unified_bench [7469.7469] qnn_backend.cpp:1403 @RunBenchmark  QNN: run 60 took 16.376 ms
2026-07-02 19:08:32.000 unified_bench [7469.7469] qnn_backend.cpp:1403 @RunBenchmark  QNN: run 61 took 16.027 ms
2026-07-02 19:08:32.000 unified_bench [7469.7469] qnn_backend.cpp:1403 @RunBenchmark  QNN: run 62 took 15.478 ms
2026-07-02 19:08:32.000 unified_bench [7469.7469] qnn_backend.cpp:1403 @RunBenchmark  QNN: run 63 took 15.457 ms
2026-07-02 19:08:32.000 unified_bench [7469.7469] qnn_backend.cpp:1403 @RunBenchmark  QNN: run 64 took 15.418 ms
2026-07-02 19:08:32.000 unified_bench [7469.7469] qnn_backend.cpp:1403 @RunBenchmark  QNN: run 65 took 15.529 ms
2026-07-02 19:08:32.000 unified_bench [7469.7469] qnn_backend.cpp:1403 @RunBenchmark  QNN: run 66 took 15.456 ms
2026-07-02 19:08:32.000 unified_bench [7469.7469] qnn_backend.cpp:1403 @RunBenchmark  QNN: run 67 took 15.430 ms
2026-07-02 19:08:32.000 unified_bench [7469.7469] qnn_backend.cpp:1403 @RunBenchmark  QNN: run 68 took 15.895 ms
2026-07-02 19:08:32.000 unified_bench [7469.7469] qnn_backend.cpp:1403 @RunBenchmark  QNN: run 69 took 15.571 ms
2026-07-02 19:08:32.000 unified_bench [7469.7469] qnn_backend.cpp:1403 @RunBenchmark  QNN: run 70 took 15.525 ms
2026-07-02 19:08:32.000 unified_bench [7469.7469] qnn_backend.cpp:1403 @RunBenchmark  QNN: run 71 took 15.446 ms
2026-07-02 19:08:32.000 unified_bench [7469.7469] qnn_backend.cpp:1403 @RunBenchmark  QNN: run 72 took 15.412 ms
2026-07-02 19:08:32.000 unified_bench [7469.7469] qnn_backend.cpp:1403 @RunBenchmark  QNN: run 73 took 15.453 ms
2026-07-02 19:08:32.000 unified_bench [7469.7469] qnn_backend.cpp:1403 @RunBenchmark  QNN: run 74 took 16.306 ms
2026-07-02 19:08:32.000 unified_bench [7469.7469] qnn_backend.cpp:1403 @RunBenchmark  QNN: run 75 took 16.700 ms
2026-07-02 19:08:32.000 unified_bench [7469.7469] qnn_backend.cpp:1403 @RunBenchmark  QNN: run 76 took 17.495 ms
2026-07-02 19:08:32.000 unified_bench [7469.7469] qnn_backend.cpp:1403 @RunBenchmark  QNN: run 77 took 16.366 ms
2026-07-02 19:08:32.000 unified_bench [7469.7469] qnn_backend.cpp:1403 @RunBenchmark  QNN: run 78 took 16.377 ms
2026-07-02 19:08:32.000 unified_bench [7469.7469] qnn_backend.cpp:1403 @RunBenchmark  QNN: run 79 took 16.374 ms
2026-07-02 19:08:32.000 unified_bench [7469.7469] qnn_backend.cpp:1403 @RunBenchmark  QNN: run 80 took 16.419 ms
2026-07-02 19:08:33.000 unified_bench [7469.7469] qnn_backend.cpp:1403 @RunBenchmark  QNN: run 81 took 16.392 ms
2026-07-02 19:08:33.000 unified_bench [7469.7469] qnn_backend.cpp:1403 @RunBenchmark  QNN: run 82 took 16.394 ms
2026-07-02 19:08:33.000 unified_bench [7469.7469] qnn_backend.cpp:1403 @RunBenchmark  QNN: run 83 took 17.473 ms
2026-07-02 19:08:33.000 unified_bench [7469.7469] qnn_backend.cpp:1403 @RunBenchmark  QNN: run 84 took 16.380 ms
2026-07-02 19:08:33.000 unified_bench [7469.7469] qnn_backend.cpp:1403 @RunBenchmark  QNN: run 85 took 16.362 ms
2026-07-02 19:08:33.000 unified_bench [7469.7469] qnn_backend.cpp:1403 @RunBenchmark  QNN: run 86 took 16.355 ms
2026-07-02 19:08:33.000 unified_bench [7469.7469] qnn_backend.cpp:1403 @RunBenchmark  QNN: run 87 took 16.367 ms
2026-07-02 19:08:33.000 unified_bench [7469.7469] qnn_backend.cpp:1403 @RunBenchmark  QNN: run 88 took 16.349 ms
2026-07-02 19:08:33.000 unified_bench [7469.7469] qnn_backend.cpp:1403 @RunBenchmark  QNN: run 89 took 16.345 ms
2026-07-02 19:08:33.000 unified_bench [7469.7469] qnn_backend.cpp:1403 @RunBenchmark  QNN: run 90 took 16.387 ms
2026-07-02 19:08:33.000 unified_bench [7469.7469] qnn_backend.cpp:1403 @RunBenchmark  QNN: run 91 took 17.157 ms
2026-07-02 19:08:33.000 unified_bench [7469.7469] qnn_backend.cpp:1403 @RunBenchmark  QNN: run 92 took 16.512 ms
2026-07-02 19:08:33.000 unified_bench [7469.7469] qnn_backend.cpp:1403 @RunBenchmark  QNN: run 93 took 16.540 ms
2026-07-02 19:08:33.000 unified_bench [7469.7469] qnn_backend.cpp:1403 @RunBenchmark  QNN: run 94 took 15.731 ms
2026-07-02 19:08:33.000 unified_bench [7469.7469] qnn_backend.cpp:1403 @RunBenchmark  QNN: run 95 took 15.630 ms
2026-07-02 19:08:33.000 unified_bench [7469.7469] qnn_backend.cpp:1403 @RunBenchmark  QNN: run 96 took 15.472 ms
2026-07-02 19:08:33.000 unified_bench [7469.7469] qnn_backend.cpp:1403 @RunBenchmark  QNN: run 97 took 15.460 ms
2026-07-02 19:08:33.000 unified_bench [7469.7469] qnn_backend.cpp:1403 @RunBenchmark  QNN: run 98 took 16.416 ms
2026-07-02 19:08:33.000 unified_bench [7469.7469] qnn_backend.cpp:1403 @RunBenchmark  QNN: run 99 took 15.545 ms
2026-07-02 19:08:33.000 unified_bench [7469.7469] result_collector.cpp:41 @Add  Record added: QNN_SDK_HTP [tfc_tdf_epoch_127_val_loss_0_05071_causal_8frame_state.serialized.bin] avg=16.029 ms, max_diff=0.06615862
2026-07-02 19:08:34.000 unified_bench [7469.7469] benchmark_runner.cpp:244 @Run  ========================================
2026-07-02 19:08:34.000 unified_bench [7469.7469] benchmark_runner.cpp:245 @Run  Done: 4 record(s)
2026-07-02 19:08:34.000 unified_bench [7469.7469] benchmark_runner.cpp:250 @Run    ONNX_CPU           avg=45.6 ms  diff=0.000000  accel=1.00x
2026-07-02 19:08:34.000 unified_bench [7469.7469] benchmark_runner.cpp:250 @Run    ONNX_QNN_HTP       avg=6.5 ms  diff=0.065182  accel=6.98x
2026-07-02 19:08:34.000 unified_bench [7469.7469] benchmark_runner.cpp:250 @Run    QNN_SDK_HTP        avg=11.4 ms  diff=0.066159  accel=4.02x
2026-07-02 19:08:34.000 unified_bench [7469.7469] benchmark_runner.cpp:250 @Run    QNN_SDK_HTP        avg=16.0 ms  diff=0.066159  accel=2.85x
2026-07-02 19:08:34.000 unified_bench [7469.7469] benchmark_runner.cpp:252 @Run  ========================================
[ INFO ] Freeing graph in freeGraphInfo
============================================================
 Benchmark exit code: 0
============================================================
Pulling results (appending data rows only)...

============================================================
 DONE.
============================================================
